> # Vektör oluşturma
> numbers <- c(1, 2, 3, 4, 5)
> print(numbers)
[1] 1 2 3 4 5
> 
> # Ortalama hesaplama
> mean(numbers)
[1] 3
> 
> library(dplyr)

Attaching package: ‘dplyr’

The following object is masked from ‘package:Biobase’:

    combine

The following objects are masked from ‘package:BiocGenerics’:

    combine, intersect, setdiff, union

The following objects are masked from ‘package:stats’:

    filter, lag

The following objects are masked from ‘package:base’:

    intersect, setdiff, setequal, union

Warning message:
package ‘dplyr’ was built under R version 4.3.3 
> data <- data.frame(Name = c("A", "B"), Score = c(90, 85))
> filtered_data <- filter(data, Score > 80)
> print(filtered_data)
  Name Score
1    A    90
2    B    85
> 
> library(ggplot2)
> ggplot(mtcars, aes(x = mpg, y = hp)) +
+     geom_point() +
+     labs(title = "MPG vs Horsepower")
> 
> model <- lm(mpg ~ hp, data = mtcars)
> summary(model)

Call:
lm(formula = mpg ~ hp, data = mtcars)

Residuals:
    Min      1Q  Median      3Q     Max 
-5.7121 -2.1122 -0.8854  1.5819  8.2360 

Coefficients:
            Estimate Std. Error t value Pr(>|t|)    
(Intercept) 30.09886    1.63392  18.421  < 2e-16 ***
hp          -0.06823    0.01012  -6.742 1.79e-07 ***
---
Signif. codes:  0 ‘***’ 0.001 ‘**’ 0.01 ‘*’ 0.05 ‘.’ 0.1 ‘ ’ 1

Residual standard error: 3.863 on 30 degrees of freedom
Multiple R-squared:  0.6024,	Adjusted R-squared:  0.5892 
F-statistic: 45.46 on 1 and 30 DF,  p-value: 1.788e-07

> 
> # Veriyi çizin
> plot(mtcars$hp, mtcars$mpg,
+      main = "HP vs MPG with Regression Line",
+      xlab = "Horsepower (hp)", ylab = "Miles Per Gallon (mpg)",
+      pch = 16, col = "blue")
> 
> # Regresyon doğrusunu ekleyin
> abline(model, col = "red", lwd = 2)
> 
> library(ggplot2)
> 
> # Veriyi ve regresyon doğrusunu çizin
> ggplot(mtcars, aes(x = hp, y = mpg)) +
+     geom_point(color = "blue", size = 2) +  # Veri noktaları
+     geom_smooth(method = "lm", color = "red", se = TRUE) +  # Regresyon doğrusu
+     labs(title = "Regression of MPG on HP",
+          x = "Horsepower (hp)", y = "Miles Per Gallon (mpg)") +
+     theme_minimal()
`geom_smooth()` using formula = 'y ~ x'
> 
> # Diagnostik grafikleri oluşturun
> par(mfrow = c(2, 2))  # 2x2 grafik düzeni
> plot(model)
> 
> # Tahminleri hesaplayın
> predicted <- predict(model, interval = "confidence")
> 
> # Veri çizin
> plot(mtcars$hp, mtcars$mpg, pch = 16, col = "blue",
+      main = "HP vs MPG with Confidence Interval",
+      xlab = "Horsepower (hp)", ylab = "Miles Per Gallon (mpg)")
> 
> # Regresyon doğrusunu ekleyin
> lines(mtcars$hp, predicted[, "fit"], col = "red", lwd = 2)
> 
> # Güven aralığını ekleyin
> lines(mtcars$hp, predicted[, "lwr"], col = "green", lty = 2)
> lines(mtcars$hp, predicted[, "upr"], col = "green", lty = 2)
> 
> library(broom)
Warning message:
package ‘broom’ was built under R version 4.3.3 
> 
> # Modelin sonuçlarını tabloya çevirin
> tidy(model)
# A tibble: 2 × 5
  term        estimate std.error statistic  p.value
  <chr>          <dbl>     <dbl>     <dbl>    <dbl>
1 (Intercept)  30.1       1.63       18.4  6.64e-18
2 hp           -0.0682    0.0101     -6.74 1.79e- 7
> 
> # Tahminleri ve artık değerleri içeren bir tablo oluşturun
> augment(model)
# A tibble: 32 × 9
   .rownames           mpg    hp .fitted .resid   .hat .sigma  .cooksd .std.resid
   <chr>             <dbl> <dbl>   <dbl>  <dbl>  <dbl>  <dbl>    <dbl>      <dbl>
 1 Mazda RX4          21     110    22.6 -1.59  0.0405   3.92 0.00374      -0.421
 2 Mazda RX4 Wag      21     110    22.6 -1.59  0.0405   3.92 0.00374      -0.421
 3 Datsun 710         22.8    93    23.8 -0.954 0.0510   3.92 0.00173      -0.253
 4 Hornet 4 Drive     21.4   110    22.6 -1.19  0.0405   3.92 0.00210      -0.315
 5 Hornet Sportabout  18.7   175    18.2  0.541 0.0368   3.93 0.000389      0.143
 6 Valiant            18.1   105    22.9 -4.83  0.0432   3.82 0.0369       -1.28 
 7 Duster 360         14.3   245    13.4  0.917 0.0976   3.92 0.00338       0.250
 8 Merc 240D          24.4    62    25.9 -1.47  0.0805   3.92 0.00688      -0.396
 9 Merc 230           22.8    95    23.6 -0.817 0.0496   3.93 0.00123      -0.217
10 Merc 280           19.2   123    21.7 -2.51  0.0351   3.90 0.00794      -0.661
# ℹ 22 more rows
# ℹ Use `print(n = ...)` to see more rows
> 
> # Artıkları alın
> residuals <- resid(model)
> 
> # Histogram
> hist(residuals, breaks = 20, col = "lightblue",
+      main = "Histogram of Residuals",
+      xlab = "Residuals")
> 
> # Load required libraries
> library(GEOquery)        # For loading GEO data
> library(ggplot2)         # For data visualization
> library(pheatmap)        # For heatmaps
> library(dplyr)           # For data manipulation
> library(RColorBrewer)    # For better color schemes
> 
> # Set working directory (modify to your path)
> setwd("C:/Users/User/Desktop")
> 
> # Load datasets
> gse1 <- getGEO(filename = "GSE58951_series_matrix.txt.gz")
Error in fileOpen(fname) : 
  File GSE58951_series_matrix.txt.gz does not appear to exist.
> # Load required libraries
> library(GEOquery)        # For loading GEO data
> library(ggplot2)         # For data visualization
> library(pheatmap)        # For heatmaps
> library(dplyr)           # For data manipulation
> library(RColorBrewer)    # For better color schemes
> 
> # Set working directory (modify to your path)
> setwd("C:/Users/User/Desktop")
> 
> # Load datasets
> gse1 <- getGEO(filename = "GSE58951_series_matrix.txt")
Using locally cached version of GPL6801 found here:
C:\Users\User\AppData\Local\Temp\RtmpkDHWBN/GPL6801.soft.gz 
|--------------------------------------------------|
|==================================================|
> gse2 <- getGEO(filename = "GSE76016_series_matrix.txt")
Using locally cached version of GPL21243 found here:
C:\Users\User\AppData\Local\Temp\RtmpkDHWBN/GPL21243.soft.gz 
|--------------------------------------------------|
|==================================================|
|--------------------------------------------------|
|==================================================|
|--------------------------------------------------|
|==================================================|
> 
> # Extract expression data and sample metadata
> exprs1 <- exprs(gse1)
> exprs2 <- exprs(gse2)
> 
> sample_info1 <- pData(gse1)
> sample_info2 <- pData(gse2)
> 
> # Basic exploration
> cat("Dimensions of GSE58951:", dim(exprs1), "\n")
Dimensions of GSE58951: 909622 22 
> cat("Dimensions of GSE76016:", dim(exprs2), "\n")
Dimensions of GSE76016: 0 315 
> 
> # Optional: Log2 transform if data is not already log-transformed
> exprs1 <- log2(exprs1 + 1)
Error in exprs1 + 1 : ikili operatöre sayısal olmayan argüman
